
> react-kavia@0.1.0 start
> cross-env EDIT_MODE=true webpack serve --config .ve/webpack.config.js --mode development

<i> [webpack-dev-server] Project is running at:
<i> [webpack-dev-server] Loopback: http://localhost:3000/, http://[::1]:3000/
<i> [webpack-dev-server] On Your Network (IPv4): http://172.17.0.2:3000/
<i> [webpack-dev-server] Content not from webpack is served from './public' directory
Injecting EditorRootWrapper import: ../.ve/EditorRootWrapper
asset bundle.js 1.45 MiB [emitted] (name: main)
asset index.html 1.98 KiB [emitted]
runtime modules 27.5 KiB 14 modules
modules by path ./node_modules/ 1.24 MiB 31 modules
modules by path ./src/ 55.9 KiB
  modules by path ./src/*.css 7.49 KiB 4 modules
  modules by path ./src/*.js 48.4 KiB
    ./src/index.js 530 bytes [built] [code generated]
    ./src/App.js 47.8 KiB [built] [code generated]
modules by path ./.ve/ 15.1 KiB
  modules by path ./.ve/*.js 10.6 KiB 2 modules
  modules by path ./.ve/*.css 2.93 KiB
    ./.ve/EditorOverlay.css 2.25 KiB [built] [code generated]
    ./node_modules/css-loader/dist/cjs.js!./.ve/EditorOverlay.css 697 bytes [built] [code generated]
  ./.ve/EditorOverlay.jsx 1.58 KiB [built] [code generated]
webpack 5.99.9 compiled successfully in 1342 ms
assets by status 1.98 KiB [cached] 1 asset
assets by path *.js 1.51 MiB
  asset bundle.js 1.45 MiB [emitted] (name: main)
  asset main.17447a9aa18974667df5.hot-update.js 63.8 KiB [emitted] [immutable] [hmr] (name: main)
asset main.17447a9aa18974667df5.hot-update.json 28 bytes [emitted] [immutable] [hmr]
Entrypoint main 1.51 MiB = bundle.js 1.45 MiB main.17447a9aa18974667df5.hot-update.js 63.8 KiB
cached modules 1.26 MiB [cached] 41 modules
runtime modules 27.5 KiB 14 modules
./src/App.js 48.2 KiB [built] [code generated]
webpack 5.99.9 compiled successfully in 288 ms
assets by status 1.98 KiB [cached] 1 asset
assets by path *.js 1.51 MiB
  asset bundle.js 1.45 MiB [emitted] (name: main)
  asset main.1668ef29e4ef2a42f356.hot-update.js 63.9 KiB [emitted] [immutable] [hmr] (name: main)
asset main.1668ef29e4ef2a42f356.hot-update.json 28 bytes [emitted] [immutable] [hmr]
Entrypoint main 1.51 MiB = bundle.js 1.45 MiB main.1668ef29e4ef2a42f356.hot-update.js 63.9 KiB
cached modules 1.26 MiB [cached] 41 modules
runtime modules 27.5 KiB 14 modules
./src/App.js 48.4 KiB [built] [code generated]
webpack 5.99.9 compiled successfully in 173 ms
assets by status 1.98 KiB [cached] 1 asset
assets by path *.js 1.52 MiB
  asset bundle.js 1.45 MiB [emitted] (name: main)
  asset main.3086ae29ac9e9ba4e816.hot-update.js 65.6 KiB [emitted] [immutable] [hmr] (name: main)
asset main.3086ae29ac9e9ba4e816.hot-update.json 28 bytes [emitted] [immutable] [hmr]
Entrypoint main 1.52 MiB = bundle.js 1.45 MiB main.3086ae29ac9e9ba4e816.hot-update.js 65.6 KiB
cached modules 1.26 MiB [cached] 41 modules
runtime modules 27.5 KiB 14 modules
./src/App.js 50 KiB [built] [code generated]
webpack 5.99.9 compiled successfully in 257 ms
assets by status 1.98 KiB [cached] 1 asset
assets by path *.js 1.52 MiB
  asset bundle.js 1.45 MiB [emitted] (name: main)
  asset main.778105ea4a71f72b6efd.hot-update.js 65.7 KiB [emitted] [immutable] [hmr] (name: main)
asset main.778105ea4a71f72b6efd.hot-update.json 28 bytes [emitted] [immutable] [hmr]
Entrypoint main 1.52 MiB = bundle.js 1.45 MiB main.778105ea4a71f72b6efd.hot-update.js 65.7 KiB
cached modules 1.26 MiB [cached] 41 modules
runtime modules 27.5 KiB 14 modules
./src/App.js 50.1 KiB [built] [code generated]
webpack 5.99.9 compiled successfully in 183 ms
assets by status 1.98 KiB [cached] 1 asset
assets by path *.js 1.52 MiB
  asset bundle.js 1.45 MiB [emitted] (name: main)
  asset main.27db9f1bfdd1e3f75570.hot-update.js 68.3 KiB [emitted] [immutable] [hmr] (name: main)
asset main.27db9f1bfdd1e3f75570.hot-update.json 28 bytes [emitted] [immutable] [hmr]
Entrypoint main 1.52 MiB = bundle.js 1.45 MiB main.27db9f1bfdd1e3f75570.hot-update.js 68.3 KiB
cached modules 1.26 MiB [cached] 41 modules
runtime modules 27.5 KiB 14 modules
./src/App.js 52.3 KiB [built] [code generated]
webpack 5.99.9 compiled successfully in 141 ms
assets by status 1.98 KiB [cached] 1 asset
assets by path *.js 1.52 MiB
  asset bundle.js 1.46 MiB [emitted] (name: main)
  asset main.6f4ae3edbe547fc0a9f7.hot-update.js 70.5 KiB [emitted] [immutable] [hmr] (name: main)
asset main.6f4ae3edbe547fc0a9f7.hot-update.json 28 bytes [emitted] [immutable] [hmr]
Entrypoint main 1.52 MiB = bundle.js 1.46 MiB main.6f4ae3edbe547fc0a9f7.hot-update.js 70.5 KiB
cached modules 1.26 MiB [cached] 41 modules
runtime modules 27.5 KiB 14 modules
./src/App.js 54.4 KiB [built] [code generated]
webpack 5.99.9 compiled successfully in 266 ms
assets by status 1.98 KiB [cached] 1 asset
assets by path *.js 1.53 MiB
  asset bundle.js 1.46 MiB [emitted] (name: main)
  asset main.0facb8df78d87f2e6e4d.hot-update.js 70.7 KiB [emitted] [immutable] [hmr] (name: main)
asset main.0facb8df78d87f2e6e4d.hot-update.json 28 bytes [emitted] [immutable] [hmr]
Entrypoint main 1.53 MiB = bundle.js 1.46 MiB main.0facb8df78d87f2e6e4d.hot-update.js 70.7 KiB
cached modules 1.26 MiB [cached] 41 modules
runtime modules 27.5 KiB 14 modules
./src/App.js 54.6 KiB [built] [code generated]
webpack 5.99.9 compiled successfully in 185 ms
assets by status 1.98 KiB [cached] 1 asset
assets by path *.js 1.53 MiB
  asset bundle.js 1.46 MiB [emitted] (name: main)
  asset main.bbce3cfab00d4ffa9379.hot-update.js 71.7 KiB [emitted] [immutable] [hmr] (name: main)
asset main.bbce3cfab00d4ffa9379.hot-update.json 28 bytes [emitted] [immutable] [hmr]
Entrypoint main 1.53 MiB = bundle.js 1.46 MiB main.bbce3cfab00d4ffa9379.hot-update.js 71.7 KiB
cached modules 1.26 MiB [cached] 41 modules
runtime modules 27.5 KiB 14 modules
./src/App.js 55.6 KiB [built] [code generated]
webpack 5.99.9 compiled successfully in 137 ms
assets by status 1.98 KiB [cached] 1 asset
assets by path *.js 1.53 MiB
  asset bundle.js 1.46 MiB [emitted] (name: main)
  asset main.ff196032a555282ea665.hot-update.js 75.3 KiB [emitted] [immutable] [hmr] (name: main)
asset main.ff196032a555282ea665.hot-update.json 28 bytes [emitted] [immutable] [hmr]
Entrypoint main 1.53 MiB = bundle.js 1.46 MiB main.ff196032a555282ea665.hot-update.js 75.3 KiB
cached modules 1.26 MiB [cached] 41 modules
runtime modules 27.5 KiB 14 modules
./src/App.js 58.9 KiB [built] [code generated]
webpack 5.99.9 compiled successfully in 286 ms
assets by status 1.98 KiB [cached] 1 asset
assets by path *.js 1.54 MiB
  asset bundle.js 1.46 MiB [emitted] (name: main)
  asset main.3bf6620f2cf42137a7a5.hot-update.js 76.2 KiB [emitted] [immutable] [hmr] (name: main)
asset main.3bf6620f2cf42137a7a5.hot-update.json 28 bytes [emitted] [immutable] [hmr]
Entrypoint main 1.54 MiB = bundle.js 1.46 MiB main.3bf6620f2cf42137a7a5.hot-update.js 76.2 KiB
cached modules 1.26 MiB [cached] 41 modules
runtime modules 27.5 KiB 14 modules
./src/App.js 59.8 KiB [built] [code generated]
webpack 5.99.9 compiled successfully in 176 ms
